// Jest Snapshot v1, https://goo.gl/fbAQLP

exports[`Home renders container unchanged 1`] = `
<div>
  <div
    role="container"
  >
    index2
  </div>
</div>
`;
